v0000.vtk: 0 worms
v0001.vtk: 7 worms
v0002.vtk: 8 worms
v0003.vtk: 6 worms
v0004.vtk: 5 worms
v0005.vtk: 3 worms
v0006.vtk: 8 worms
v0007.vtk: 6 worms
v0008.vtk: 6 worms
v0009.vtk: 3 worms
v0010.vtk: 8 worms
v0011.vtk: 4 worms
v0012.vtk: 7 worms
v0013.vtk: 11 worms
v0014.vtk: 17 worms
v0015.vtk: 21 worms
v0016.vtk: 26 worms
v0017.vtk: 44 worms
v0018.vtk: 67 worms
v0019.vtk: 75 worms
v0020.vtk: 89 worms
v0021.vtk: 93 worms
v0022.vtk: 98 worms
v0023.vtk: 104 worms
v0024.vtk: 114 worms
v0025.vtk: 127 worms
v0026.vtk: 121 worms
v0027.vtk: 132 worms
v0028.vtk: 137 worms
v0029.vtk: 137 worms
v0030.vtk: 135 worms
v0031.vtk: 144 worms
v0032.vtk: 144 worms
v0033.vtk: 149 worms
v0034.vtk: 150 worms
v0035.vtk: 143 worms
v0036.vtk: 149 worms
v0037.vtk: 137 worms
v0038.vtk: 136 worms
v0039.vtk: 140 worms
v0040.vtk: 141 worms
v0041.vtk: 142 worms
v0042.vtk: 146 worms
v0043.vtk: 142 worms
v0044.vtk: 141 worms
v0045.vtk: 133 worms
v0046.vtk: 134 worms
v0047.vtk: 138 worms
v0048.vtk: 138 worms
v0049.vtk: 139 worms
v0050.vtk: 140 worms
v0051.vtk: 140 worms
v0052.vtk: 135 worms
v0053.vtk: 129 worms
v0054.vtk: 134 worms
v0055.vtk: 132 worms
v0056.vtk: 132 worms
v0057.vtk: 122 worms
v0058.vtk: 125 worms
v0059.vtk: 123 worms
v0060.vtk: 124 worms
v0061.vtk: 121 worms
v0062.vtk: 128 worms
v0063.vtk: 124 worms
v0064.vtk: 131 worms
v0065.vtk: 132 worms
v0066.vtk: 125 worms
v0067.vtk: 120 worms
v0068.vtk: 116 worms
v0069.vtk: 118 worms
v0070.vtk: 115 worms
v0071.vtk: 125 worms
v0072.vtk: 117 worms
v0073.vtk: 121 worms
v0074.vtk: 111 worms
v0075.vtk: 117 worms
v0076.vtk: 119 worms
v0077.vtk: 113 worms
v0078.vtk: 111 worms
v0079.vtk: 113 worms
v0080.vtk: 117 worms
v0081.vtk: 108 worms
v0082.vtk: 103 worms
v0083.vtk: 103 worms
v0084.vtk: 102 worms
v0085.vtk: 107 worms
v0086.vtk: 109 worms
v0087.vtk: 111 worms
v0088.vtk: 104 worms
v0089.vtk: 104 worms
v0090.vtk: 106 worms
v0091.vtk: 107 worms
v0092.vtk: 109 worms
v0093.vtk: 107 worms
v0094.vtk: 104 worms
v0095.vtk: 109 worms
v0096.vtk: 109 worms
v0097.vtk: 108 worms
v0098.vtk: 106 worms
v0099.vtk: 109 worms
v0100.vtk: 116 worms
v0101.vtk: 121 worms
v0102.vtk: 115 worms
v0103.vtk: 122 worms
v0104.vtk: 114 worms
v0105.vtk: 111 worms
v0106.vtk: 113 worms
v0107.vtk: 112 worms
v0108.vtk: 111 worms
v0109.vtk: 112 worms
v0110.vtk: 110 worms
v0111.vtk: 117 worms
v0112.vtk: 117 worms
v0113.vtk: 113 worms
v0114.vtk: 111 worms
v0115.vtk: 113 worms
v0116.vtk: 113 worms
v0117.vtk: 108 worms
v0118.vtk: 106 worms
v0119.vtk: 112 worms
v0120.vtk: 113 worms
v0121.vtk: 106 worms
v0122.vtk: 108 worms
v0123.vtk: 106 worms
v0124.vtk: 110 worms
v0125.vtk: 110 worms
v0126.vtk: 104 worms
v0127.vtk: 106 worms
v0128.vtk: 106 worms
v0129.vtk: 117 worms
v0130.vtk: 111 worms
v0131.vtk: 113 worms
v0132.vtk: 110 worms
v0133.vtk: 110 worms
v0134.vtk: 108 worms
v0135.vtk: 103 worms
v0136.vtk: 102 worms
v0137.vtk: 103 worms
v0138.vtk: 105 worms
v0139.vtk: 105 worms
v0140.vtk: 112 worms
v0141.vtk: 108 worms
v0142.vtk: 101 worms
v0143.vtk: 112 worms
v0144.vtk: 115 worms
v0145.vtk: 107 worms
v0146.vtk: 104 worms
v0147.vtk: 98 worms
v0148.vtk: 102 worms
v0149.vtk: 95 worms
v0150.vtk: 101 worms
v0151.vtk: 103 worms
v0152.vtk: 97 worms
v0153.vtk: 103 worms
v0154.vtk: 106 worms
v0155.vtk: 109 worms
v0156.vtk: 105 worms
v0157.vtk: 107 worms
v0158.vtk: 106 worms
v0159.vtk: 103 worms
v0160.vtk: 107 worms
v0161.vtk: 106 worms
v0162.vtk: 103 worms
v0163.vtk: 103 worms
v0164.vtk: 113 worms
v0165.vtk: 105 worms
v0166.vtk: 108 worms
v0167.vtk: 109 worms
v0168.vtk: 106 worms
v0169.vtk: 108 worms
v0170.vtk: 113 worms
v0171.vtk: 108 worms
v0172.vtk: 103 worms
v0173.vtk: 100 worms
v0174.vtk: 109 worms
v0175.vtk: 103 worms
v0176.vtk: 108 worms
v0177.vtk: 113 worms
v0178.vtk: 108 worms
v0179.vtk: 112 worms
v0180.vtk: 104 worms
v0181.vtk: 106 worms
v0182.vtk: 110 worms
v0183.vtk: 107 worms
v0184.vtk: 104 worms
v0185.vtk: 107 worms
v0186.vtk: 102 worms
v0187.vtk: 105 worms
v0188.vtk: 105 worms
v0189.vtk: 108 worms
v0190.vtk: 115 worms
v0191.vtk: 109 worms
v0192.vtk: 107 worms
v0193.vtk: 112 worms
v0194.vtk: 105 worms
v0195.vtk: 107 worms
v0196.vtk: 102 worms
v0197.vtk: 110 worms
v0198.vtk: 103 worms
v0199.vtk: 103 worms
v0200.vtk: 98 worms
v0201.vtk: 99 worms
v0202.vtk: 101 worms
v0203.vtk: 102 worms
v0204.vtk: 100 worms
v0205.vtk: 96 worms
v0206.vtk: 98 worms
v0207.vtk: 104 worms

Analyzed 208 files -> worm_results/
Detected 51 merges and 103 splits:
  frame   15: merge [np.int64(11), np.int64(12)] -> [np.int32(14)]
  frame   22: merge [np.int64(59), np.int64(67)] -> [np.int32(66)]
  frame   22: split [np.int32(57)] -> [np.int64(59), np.int64(63)]
  frame   23: merge [np.int64(14), np.int64(18)] -> [np.int32(12)]
  frame   23: merge [np.int64(13), np.int64(19)] -> [np.int32(17)]
  frame   23: split [np.int32(66)] -> [np.int64(71), np.int64(80)]
  frame   24: split [np.int32(12)] -> [np.int64(16), np.int64(22)]
  frame   24: split [np.int32(17)] -> [np.int64(20), np.int64(26)]
  frame   27: merge [np.int64(65), np.int64(70)] -> [np.int32(77)]
  frame   28: split [np.int32(3)] -> [np.int64(3), np.int64(12)]
  frame   28: split [np.int32(59)] -> [np.int64(62), np.int64(66)]
  frame   29: merge [np.int64(15), np.int64(16)] -> [np.int32(14)]
  frame   30: merge [np.int64(21), np.int64(26)] -> [np.int32(21)]
  frame   30: merge [np.int64(50), np.int64(60)] -> [np.int32(48)]
  frame   30: split [np.int32(118)] -> [np.int64(113), np.int64(117)]
  frame   31: split [np.int32(16)] -> [np.int64(13), np.int64(17)]
  frame   31: split [np.int32(48)] -> [np.int64(50), np.int64(61)]
  frame   31: split [np.int32(116)] -> [np.int64(123), np.int64(133)]
  frame   32: split [np.int32(82)] -> [np.int64(83), np.int64(93)]
  frame   33: merge [np.int64(30), np.int64(36)] -> [np.int32(31)]
  frame   33: merge [np.int64(116), np.int64(121)] -> [np.int32(120)]
  frame   33: split [np.int32(36)] -> [np.int64(31), np.int64(48)]
  frame   35: split [np.int32(49)] -> [np.int64(45), np.int64(50)]
  frame   35: split [np.int32(75)] -> [np.int64(66), np.int64(72)]
  frame   37: merge [np.int64(40), np.int64(49)] -> [np.int32(35)]
  frame   40: split [np.int32(45)] -> [np.int64(51), np.int64(56)]
  frame   40: split [np.int32(94)] -> [np.int64(97), np.int64(98)]
  frame   45: split [np.int32(92)] -> [np.int64(84), np.int64(87)]
  frame   45: split [np.int32(128)] -> [np.int64(119), np.int64(126)]
  frame   46: split [np.int32(54)] -> [np.int64(56), np.int64(57)]
  frame   47: merge [np.int64(82), np.int64(90)] -> [np.int32(86)]
  frame   48: split [np.int32(43)] -> [np.int64(42), np.int64(48)]
  frame   48: split [np.int32(121)] -> [np.int64(113), np.int64(121)]
  frame   49: split [np.int32(118)] -> [np.int64(120), np.int64(126)]
  frame   51: split [np.int32(133)] -> [np.int64(132), np.int64(135)]
  frame   53: merge [np.int64(33), np.int64(42)] -> [np.int32(27)]
  frame   53: split [np.int32(118)] -> [np.int64(110), np.int64(117)]
  frame   54: merge [np.int64(83), np.int64(86)] -> [np.int32(85)]
  frame   55: split [np.int32(53)] -> [np.int64(55), np.int64(61)]
  frame   55: split [np.int32(68)] -> [np.int64(67), np.int64(70)]
  frame   57: merge [np.int64(85), np.int64(98)] -> [np.int32(85)]
  frame   58: split [np.int32(84)] -> [np.int64(82), np.int64(85)]
  frame   60: split [np.int32(38)] -> [np.int64(37), np.int64(40)]
  frame   61: merge [np.int64(110), np.int64(116)] -> [np.int32(102)]
  frame   61: split [np.int32(113)] -> [np.int64(105), np.int64(114)]
  frame   62: split [np.int32(64)] -> [np.int64(64), np.int64(65)]
  frame   63: merge [np.int64(64), np.int64(65)] -> [np.int32(63)]
  frame   64: merge [np.int64(110), np.int64(116)] -> [np.int32(120)]
  frame   65: merge [np.int64(97), np.int64(105)] -> [np.int32(97)]
  frame   66: merge [np.int64(111), np.int64(121)] -> [np.int32(105)]
  frame   67: merge [np.int64(89), np.int64(102)] -> [np.int32(90)]
  frame   68: split [np.int32(92)] -> [np.int64(88), np.int64(94)]
  frame   69: split [np.int32(87)] -> [np.int64(87), np.int64(95)]
  frame   71: split [np.int32(46)] -> [np.int64(54), np.int64(57)]
  frame   74: split [np.int32(65)] -> [np.int64(57), np.int64(63)]
  frame   75: merge [np.int64(7), np.int64(8)] -> [np.int32(10)]
  frame   75: split [np.int32(86)] -> [np.int64(93), np.int64(101)]
  frame   77: split [np.int32(12)] -> [np.int64(12), np.int64(15)]
  frame   80: split [np.int32(53)] -> [np.int64(56), np.int64(60)]
  frame   81: merge [np.int64(20), np.int64(24)] -> [np.int32(18)]
  frame   82: merge [np.int64(72), np.int64(79)] -> [np.int32(68)]
  frame   84: split [np.int32(72)] -> [np.int64(68), np.int64(76)]
  frame   86: merge [np.int64(49), np.int64(50)] -> [np.int32(50)]
  frame   86: split [np.int32(6)] -> [np.int64(7), np.int64(10)]
  frame   87: split [np.int32(74)] -> [np.int64(71), np.int64(76)]
  frame   88: merge [np.int64(92), np.int64(95)] -> [np.int32(88)]
  frame   88: merge [np.int64(101), np.int64(103)] -> [np.int32(95)]
  frame   90: split [np.int32(18)] -> [np.int64(20), np.int64(22)]
  frame   95: split [np.int32(29)] -> [np.int64(31), np.int64(38)]
  frame   98: merge [np.int64(72), np.int64(83)] -> [np.int32(73)]
  frame   98: split [np.int32(64)] -> [np.int64(63), np.int64(64)]
  frame   99: split [np.int32(63)] -> [np.int64(66), np.int64(68)]
  frame  101: split [np.int32(12)] -> [np.int64(14), np.int64(15)]
  frame  102: split [np.int32(22)] -> [np.int64(19), np.int64(24)]
  frame  102: split [np.int32(67)] -> [np.int64(62), np.int64(70)]
  frame  105: split [np.int32(76)] -> [np.int64(76), np.int64(84)]
  frame  106: merge [np.int64(43), np.int64(46)] -> [np.int32(43)]
  frame  106: split [np.int32(30)] -> [np.int64(28), np.int64(31)]
  frame  107: merge [np.int64(32), np.int64(33)] -> [np.int32(30)]
  frame  107: split [np.int32(74)] -> [np.int64(72), np.int64(75)]
  frame  107: split [np.int32(90)] -> [np.int64(88), np.int64(90)]
  frame  108: split [np.int32(77)] -> [np.int64(73), np.int64(83)]
  frame  110: split [np.int32(94)] -> [np.int64(88), np.int64(99)]
  frame  111: split [np.int32(41)] -> [np.int64(49), np.int64(52)]
  frame  112: split [np.int32(66)] -> [np.int64(64), np.int64(67)]
  frame  113: merge [np.int64(77), np.int64(79)] -> [np.int32(74)]
  frame  114: split [np.int32(40)] -> [np.int64(35), np.int64(36)]
  frame  114: split [np.int32(78)] -> [np.int64(76), np.int64(82)]
  frame  117: merge [np.int64(58), np.int64(61)] -> [np.int32(59)]
  frame  118: merge [np.int64(75), np.int64(85)] -> [np.int32(75)]
  frame  118: split [np.int32(37)] -> [np.int64(38), np.int64(40)]
  frame  118: split [np.int32(95)] -> [np.int64(92), np.int64(98)]
  frame  119: merge [np.int64(87), np.int64(92)] -> [np.int32(93)]
  frame  119: split [np.int32(2)] -> [np.int64(2), np.int64(6)]
  frame  121: split [np.int32(83)] -> [np.int64(77), np.int64(88)]
  frame  122: split [np.int32(62)] -> [np.int64(61), np.int64(65)]
  frame  123: split [np.int32(1)] -> [np.int64(1), np.int64(5)]
  frame  124: split [np.int32(20)] -> [np.int64(20), np.int64(22)]
  frame  125: split [np.int32(77)] -> [np.int64(75), np.int64(81)]
  frame  127: split [np.int32(88)] -> [np.int64(88), np.int64(89)]
  frame  128: split [np.int32(52)] -> [np.int64(47), np.int64(48)]
  frame  128: split [np.int32(60)] -> [np.int64(58), np.int64(60)]
  frame  128: split [np.int32(88)] -> [np.int64(85), np.int64(90)]
  frame  128: split [np.int32(96)] -> [np.int64(95), np.int64(97)]
  frame  129: split [np.int32(59)] -> [np.int64(64), np.int64(65)]
  frame  129: split [np.int32(65)] -> [np.int64(74), np.int64(76)]
  frame  134: merge [np.int64(49), np.int64(50)] -> [np.int32(47)]
  frame  136: split [np.int32(94)] -> [np.int64(91), np.int64(99)]
  frame  138: merge [np.int64(31), np.int64(39)] -> [np.int32(30)]
  frame  141: merge [np.int64(62), np.int64(69)] -> [np.int32(59)]
  frame  141: merge [np.int64(63), np.int64(67)] -> [np.int32(61)]
  frame  142: merge [np.int64(83), np.int64(88)] -> [np.int32(81)]
  frame  144: split [np.int32(90)] -> [np.int64(92), np.int64(95)]
  frame  146: merge [np.int64(48), np.int64(57)] -> [np.int32(47)]
  frame  153: split [np.int32(57)] -> [np.int64(57), np.int64(60)]
  frame  154: split [np.int32(70)] -> [np.int64(73), np.int64(74)]
  frame  154: split [np.int32(99)] -> [np.int64(101), np.int64(106)]
  frame  155: split [np.int32(56)] -> [np.int64(58), np.int64(59)]
  frame  159: split [np.int32(14)] -> [np.int64(14), np.int64(18)]
  frame  159: split [np.int32(39)] -> [np.int64(41), np.int64(42)]
  frame  163: merge [np.int64(87), np.int64(91)] -> [np.int32(88)]
  frame  166: split [np.int32(66)] -> [np.int64(69), np.int64(76)]
  frame  167: merge [np.int64(28), np.int64(36)] -> [np.int32(26)]
  frame  171: merge [np.int64(26), np.int64(31)] -> [np.int32(26)]
  frame  171: merge [np.int64(44), np.int64(48)] -> [np.int32(45)]
  frame  171: merge [np.int64(67), np.int64(72)] -> [np.int32(65)]
  frame  171: split [np.int32(11)] -> [np.int64(12), np.int64(15)]
  frame  172: split [np.int32(1)] -> [np.int64(1), np.int64(7)]
  frame  177: split [np.int32(79)] -> [np.int64(85), np.int64(89)]
  frame  178: merge [np.int64(94), np.int64(101)] -> [np.int32(92)]
  frame  178: split [np.int32(78)] -> [np.int64(77), np.int64(85)]
  frame  182: merge [np.int64(82), np.int64(83)] -> [np.int32(88)]
  frame  182: split [np.int32(71)] -> [np.int64(76), np.int64(78)]
  frame  182: split [np.int32(72)] -> [np.int64(75), np.int64(87)]
  frame  182: split [np.int32(102)] -> [np.int64(105), np.int64(107)]
  frame  188: split [np.int32(91)] -> [np.int64(90), np.int64(92)]
  frame  189: split [np.int32(36)] -> [np.int64(38), np.int64(42)]
  frame  190: split [np.int32(25)] -> [np.int64(29), np.int64(35)]
  frame  190: split [np.int32(66)] -> [np.int64(72), np.int64(79)]
  frame  190: split [np.int32(76)] -> [np.int64(82), np.int64(87)]
  frame  192: split [np.int32(14)] -> [np.int64(15), np.int64(20)]
  frame  193: merge [np.int64(13), np.int64(15)] -> [np.int32(9)]
  frame  193: merge [np.int64(84), np.int64(85)] -> [np.int32(87)]
  frame  193: split [np.int32(24)] -> [np.int64(24), np.int64(25)]
  frame  193: split [np.int32(72)] -> [np.int64(75), np.int64(77)]
  frame  194: merge [np.int64(71), np.int64(77)] -> [np.int32(66)]
  frame  194: split [np.int32(89)] -> [np.int64(84), np.int64(86)]
  frame  196: split [np.int32(81)] -> [np.int64(77), np.int64(78)]
  frame  197: split [np.int32(22)] -> [np.int64(23), np.int64(24)]
  frame  197: split [np.int32(53)] -> [np.int64(58), np.int64(62)]
  frame  202: split [np.int32(63)] -> [np.int64(62), np.int64(63)]
  frame  204: merge [np.int64(53), np.int64(57)] -> [np.int32(51)]
  frame  204: split [np.int32(40)] -> [np.int64(37), np.int64(39)]
  frame  205: split [np.int32(22)] -> [np.int64(22), np.int64(24)]
