v0000.vtk: 0 worms
v0010.vtk: 6 worms
v0020.vtk: 142 worms
v0030.vtk: 215 worms
v0040.vtk: 289 worms
v0050.vtk: 327 worms
v0060.vtk: 359 worms
v0070.vtk: 375 worms
v0080.vtk: 363 worms
v0090.vtk: 367 worms
v0100.vtk: 362 worms
v0110.vtk: 355 worms
v0120.vtk: 355 worms
v0130.vtk: 349 worms
v0140.vtk: 352 worms
v0150.vtk: 349 worms
v0160.vtk: 348 worms
v0170.vtk: 334 worms
v0180.vtk: 331 worms
v0190.vtk: 324 worms
v0200.vtk: 336 worms
v0210.vtk: 328 worms
v0220.vtk: 316 worms
v0230.vtk: 312 worms
v0240.vtk: 319 worms
v0250.vtk: 313 worms
v0260.vtk: 307 worms
v0270.vtk: 302 worms
v0280.vtk: 301 worms
v0290.vtk: 312 worms
v0300.vtk: 302 worms
v0310.vtk: 291 worms
v0320.vtk: 303 worms
v0330.vtk: 298 worms
v0340.vtk: 295 worms
v0350.vtk: 316 worms
v0360.vtk: 304 worms

Analyzed 37 files -> worm_results/
Detected 153 merges and 239 splits:
  frame   30: merge [np.int64(35), np.int64(45)] -> [np.int32(50)]
  frame   30: split [np.int32(82)] -> [np.int64(122), np.int64(128)]
  frame   40: merge [np.int64(110), np.int64(117)] -> [np.int32(147)]
  frame   40: merge [np.int64(122), np.int64(128)] -> [np.int32(157)]
  frame   40: split [np.int32(54)] -> [np.int64(62), np.int64(75)]
  frame   40: split [np.int32(67)] -> [np.int64(71), np.int64(89)]
  frame   40: split [np.int32(189)] -> [np.int64(253), np.int64(264)]
  frame   50: merge [np.int64(81), np.int64(88)] -> [np.int32(93)]
  frame   50: merge [np.int64(132), np.int64(137)] -> [np.int32(148)]
  frame   50: merge [np.int64(213), np.int64(234)] -> [np.int32(246)]
  frame   50: split [np.int32(47)] -> [np.int64(56), np.int64(58)]
  frame   50: split [np.int32(119)] -> [np.int64(133), np.int64(137)]
  frame   50: split [np.int32(206)] -> [np.int64(216), np.int64(237)]
  frame   50: split [np.int32(213)] -> [np.int64(232), np.int64(246)]
  frame   50: split [np.int32(228)] -> [np.int64(240), np.int64(250)]
  frame   50: split [np.int32(262)] -> [np.int64(286), np.int64(302)]
  frame   50: split [np.int32(272)] -> [np.int64(295), np.int64(300)]
  frame   60: merge [np.int64(97), np.int64(123)] -> [np.int32(113)]
  frame   60: merge [np.int64(155), np.int64(165)] -> [np.int32(172)]
  frame   60: merge [np.int64(235), np.int64(237)] -> [np.int32(271)]
  frame   60: merge [np.int64(283), np.int64(287)] -> [np.int32(318)]
  frame   60: merge [np.int64(302), np.int64(308)] -> [np.int32(337)]
  frame   60: merge [np.int64(304), np.int64(311)] -> [np.int32(338)]
  frame   60: split [np.int32(93)] -> [np.int64(106), np.int64(112)]
  frame   60: split [np.int32(144)] -> [np.int64(156), np.int64(166)]
  frame   60: split [np.int32(148)] -> [np.int64(160), np.int64(179)]
  frame   60: split [np.int32(184)] -> [np.int64(211), np.int64(218)]
  frame   60: split [np.int32(197)] -> [np.int64(222), np.int64(239)]
  frame   60: split [np.int32(214)] -> [np.int64(252), np.int64(263), np.int64(268)]
  frame   60: split [np.int32(245)] -> [np.int64(278), np.int64(293)]
  frame   60: split [np.int32(252)] -> [np.int64(280), np.int64(299)]
  frame   60: split [np.int32(309)] -> [np.int64(340), np.int64(354)]
  frame   70: merge [np.int64(62), np.int64(63)] -> [np.int32(61)]
  frame   70: merge [np.int64(77), np.int64(86)] -> [np.int32(78)]
  frame   70: merge [np.int64(108), np.int64(112)] -> [np.int32(118)]
  frame   70: merge [np.int64(130), np.int64(131)] -> [np.int32(135)]
  frame   70: merge [np.int64(137), np.int64(157)] -> [np.int32(151)]
  frame   70: merge [np.int64(184), np.int64(190)] -> [np.int32(201)]
  frame   70: merge [np.int64(217), np.int64(224)] -> [np.int32(224)]
  frame   70: merge [np.int64(223), np.int64(225)] -> [np.int32(235)]
  frame   70: merge [np.int64(273), np.int64(279)] -> [np.int32(286)]
  frame   70: split [np.int32(28)] -> [np.int64(25), np.int64(50)]
  frame   70: split [np.int32(71)] -> [np.int64(70), np.int64(88)]
  frame   70: split [np.int32(89)] -> [np.int64(98), np.int64(101)]
  frame   70: split [np.int32(159)] -> [np.int64(161), np.int64(180)]
  frame   70: split [np.int32(263)] -> [np.int64(267), np.int64(285)]
  frame   70: split [np.int32(267)] -> [np.int64(277), np.int64(283)]
  frame   80: merge [np.int64(19), np.int64(27)] -> [np.int32(24)]
  frame   80: merge [np.int64(28), np.int64(38)] -> [np.int32(32)]
  frame   80: merge [np.int64(36), np.int64(46)] -> [np.int32(35)]
  frame   80: merge [np.int64(44), np.int64(48)] -> [np.int32(45)]
  frame   80: merge [np.int64(78), np.int64(89)] -> [np.int32(79)]
  frame   80: merge [np.int64(161), np.int64(180)] -> [np.int32(166)]
  frame   80: merge [np.int64(186), np.int64(197)] -> [np.int32(179)]
  frame   80: merge [np.int64(221), np.int64(223)] -> [np.int32(209)]
  frame   80: split [np.int32(117)] -> [np.int64(112), np.int64(129)]
  frame   80: split [np.int32(135)] -> [np.int64(126), np.int64(131)]
  frame   80: split [np.int32(161)] -> [np.int64(152), np.int64(166)]
  frame   80: split [np.int32(203)] -> [np.int64(191), np.int64(200)]
  frame   80: split [np.int32(217)] -> [np.int64(208), np.int64(219)]
  frame   80: split [np.int32(268)] -> [np.int64(265), np.int64(267)]
  frame   80: split [np.int32(301)] -> [np.int64(286), np.int64(303)]
  frame   80: split [np.int32(309)] -> [np.int64(297), np.int64(308)]
  frame   80: split [np.int32(348)] -> [np.int64(335), np.int64(348)]
  frame   80: split [np.int32(352)] -> [np.int64(343), np.int64(347)]
  frame   90: merge [np.int64(62), np.int64(67)] -> [np.int32(63)]
  frame   90: merge [np.int64(73), np.int64(84)] -> [np.int32(74)]
  frame   90: merge [np.int64(152), np.int64(166)] -> [np.int32(151)]
  frame   90: merge [np.int64(190), np.int64(199)] -> [np.int32(186)]
  frame   90: merge [np.int64(324), np.int64(330)] -> [np.int32(325)]
  frame   90: split [np.int32(4)] -> [np.int64(2), np.int64(15)]
  frame   90: split [np.int32(32)] -> [np.int64(27), np.int64(44)]
  frame   90: split [np.int32(41)] -> [np.int64(45), np.int64(66)]
  frame   90: split [np.int32(61)] -> [np.int64(61), np.int64(72)]
  frame   90: split [np.int32(74)] -> [np.int64(70), np.int64(85)]
  frame   90: split [np.int32(99)] -> [np.int64(98), np.int64(100)]
  frame   90: split [np.int32(126)] -> [np.int64(119), np.int64(137)]
  frame   90: split [np.int32(148)] -> [np.int64(143), np.int64(162)]
  frame   90: split [np.int32(185)] -> [np.int64(176), np.int64(185)]
  frame   90: split [np.int32(193)] -> [np.int64(189), np.int64(193)]
  frame   90: split [np.int32(208)] -> [np.int64(204), np.int64(206)]
  frame   90: split [np.int32(214)] -> [np.int64(201), np.int64(217)]
  frame   90: split [np.int32(271)] -> [np.int64(265), np.int64(270)]
  frame   90: split [np.int32(274)] -> [np.int64(273), np.int64(277)]
  frame  100: merge [np.int64(70), np.int64(85)] -> [np.int32(73)]
  frame  100: merge [np.int64(106), np.int64(108)] -> [np.int32(118)]
  frame  100: merge [np.int64(200), np.int64(201)] -> [np.int32(203)]
  frame  100: merge [np.int64(247), np.int64(249)] -> [np.int32(251)]
  frame  100: merge [np.int64(265), np.int64(270)] -> [np.int32(266)]
  frame  100: merge [np.int64(284), np.int64(290)] -> [np.int32(284)]
  frame  100: merge [np.int64(347), np.int64(352)] -> [np.int32(342)]
  frame  100: split [np.int32(62)] -> [np.int64(62), np.int64(79)]
  frame  100: split [np.int32(63)] -> [np.int64(63), np.int64(66)]
  frame  100: split [np.int32(92)] -> [np.int64(96), np.int64(111)]
  frame  100: split [np.int32(174)] -> [np.int64(177), np.int64(185)]
  frame  100: split [np.int32(201)] -> [np.int64(203), np.int64(221)]
  frame  100: split [np.int32(318)] -> [np.int64(317), np.int64(334)]
  frame  100: split [np.int32(353)] -> [np.int64(344), np.int64(359)]
  frame  110: merge [np.int64(102), np.int64(117)] -> [np.int32(105)]
  frame  110: merge [np.int64(132), np.int64(142)] -> [np.int32(132)]
  frame  110: merge [np.int64(163), np.int64(171)] -> [np.int32(154)]
  frame  110: merge [np.int64(222), np.int64(226)] -> [np.int32(209)]
  frame  110: merge [np.int64(279), np.int64(284)] -> [np.int32(269)]
  frame  110: merge [np.int64(317), np.int64(334)] -> [np.int32(313)]
  frame  110: merge [np.int64(350), np.int64(360)] -> [np.int32(341)]
  frame  110: merge [np.int64(355), np.int64(361)] -> [np.int32(346)]
  frame  110: split [np.int32(31)] -> [np.int64(25), np.int64(38)]
  frame  110: split [np.int32(54)] -> [np.int64(53), np.int64(65)]
  frame  110: split [np.int32(68)] -> [np.int64(69), np.int64(71)]
  frame  110: split [np.int32(84)] -> [np.int64(86), np.int64(91)]
  frame  110: split [np.int32(123)] -> [np.int64(121), np.int64(122)]
  frame  110: split [np.int32(162)] -> [np.int64(150), np.int64(177)]
  frame  110: split [np.int32(318)] -> [np.int64(304), np.int64(317)]
  frame  110: split [np.int32(328)] -> [np.int64(321), np.int64(330)]
  frame  110: split [np.int32(342)] -> [np.int64(335), np.int64(339)]
  frame  120: merge [np.int64(35), np.int64(39)] -> [np.int32(31)]
  frame  120: merge [np.int64(153), np.int64(158)] -> [np.int32(150)]
  frame  120: merge [np.int64(163), np.int64(166)] -> [np.int32(162)]
  frame  120: merge [np.int64(180), np.int64(187)] -> [np.int32(181)]
  frame  120: merge [np.int64(266), np.int64(273)] -> [np.int32(267)]
  frame  120: merge [np.int64(349), np.int64(354)] -> [np.int32(348)]
  frame  120: split [np.int32(105)] -> [np.int64(100), np.int64(110)]
  frame  120: split [np.int32(150)] -> [np.int64(148), np.int64(155)]
  frame  120: split [np.int32(154)] -> [np.int64(153), np.int64(168)]
  frame  120: split [np.int32(174)] -> [np.int64(173), np.int64(182)]
  frame  120: split [np.int32(178)] -> [np.int64(177), np.int64(200)]
  frame  120: split [np.int32(189)] -> [np.int64(185), np.int64(196)]
  frame  120: split [np.int32(232)] -> [np.int64(228), np.int64(238)]
  frame  120: split [np.int32(234)] -> [np.int64(232), np.int64(244)]
  frame  120: split [np.int32(261)] -> [np.int64(269), np.int64(271)]
  frame  120: split [np.int32(280)] -> [np.int64(285), np.int64(297)]
  frame  120: split [np.int32(292)] -> [np.int64(295), np.int64(308)]
  frame  120: split [np.int32(339)] -> [np.int64(332), np.int64(351)]
  frame  130: merge [np.int64(44), np.int64(51)] -> [np.int32(37)]
  frame  130: merge [np.int64(64), np.int64(79)] -> [np.int32(63)]
  frame  130: merge [np.int64(126), np.int64(129)] -> [np.int32(123)]
  frame  130: merge [np.int64(186), np.int64(193)] -> [np.int32(188)]
  frame  130: merge [np.int64(336), np.int64(345)] -> [np.int32(327)]
  frame  130: split [np.int32(37)] -> [np.int64(36), np.int64(38)]
  frame  130: split [np.int32(86)] -> [np.int64(81), np.int64(98)]
  frame  130: split [np.int32(133)] -> [np.int64(117), np.int64(131)]
  frame  130: split [np.int32(150)] -> [np.int64(143), np.int64(155)]
  frame  130: split [np.int32(220)] -> [np.int64(214), np.int64(222)]
  frame  130: split [np.int32(266)] -> [np.int64(265), np.int64(283)]
  frame  130: split [np.int32(267)] -> [np.int64(269), np.int64(282)]
  frame  140: merge [np.int64(58), np.int64(72)] -> [np.int32(60)]
  frame  140: merge [np.int64(143), np.int64(155)] -> [np.int32(141)]
  frame  140: merge [np.int64(245), np.int64(257)] -> [np.int32(249)]
  frame  140: merge [np.int64(267), np.int64(283)] -> [np.int32(271)]
  frame  140: merge [np.int64(329), np.int64(339)] -> [np.int32(334)]
  frame  140: split [np.int32(28)] -> [np.int64(26), np.int64(29)]
  frame  140: split [np.int32(63)] -> [np.int64(65), np.int64(78)]
  frame  140: split [np.int32(110)] -> [np.int64(106), np.int64(127)]
  frame  140: split [np.int32(179)] -> [np.int64(176), np.int64(182)]
  frame  140: split [np.int32(188)] -> [np.int64(186), np.int64(187)]
  frame  140: split [np.int32(223)] -> [np.int64(221), np.int64(228)]
  frame  140: split [np.int32(226)] -> [np.int64(245), np.int64(248)]
  frame  140: split [np.int32(281)] -> [np.int64(282), np.int64(284)]
  frame  140: split [np.int32(294)] -> [np.int64(295), np.int64(304)]
  frame  140: split [np.int32(307)] -> [np.int64(308), np.int64(318)]
  frame  140: split [np.int32(327)] -> [np.int64(332), np.int64(348)]
  frame  140: split [np.int32(337)] -> [np.int64(339), np.int64(344)]
  frame  150: merge [np.int64(61), np.int64(62)] -> [np.int32(61)]
  frame  150: merge [np.int64(66), np.int64(68)] -> [np.int32(67)]
  frame  150: merge [np.int64(124), np.int64(126)] -> [np.int32(119)]
  frame  150: merge [np.int64(182), np.int64(189)] -> [np.int32(187)]
  frame  150: merge [np.int64(186), np.int64(187)] -> [np.int32(188)]
  frame  150: merge [np.int64(191), np.int64(202)] -> [np.int32(192)]
  frame  150: split [np.int32(31)] -> [np.int64(33), np.int64(45)]
  frame  150: split [np.int32(67)] -> [np.int64(65), np.int64(69)]
  frame  150: split [np.int32(117)] -> [np.int64(118), np.int64(142)]
  frame  150: split [np.int32(206)] -> [np.int64(204), np.int64(205)]
  frame  150: split [np.int32(316)] -> [np.int64(312), np.int64(316)]
  frame  160: merge [np.int64(2), np.int64(12)] -> [np.int32(2)]
  frame  160: merge [np.int64(18), np.int64(23)] -> [np.int32(18)]
  frame  160: merge [np.int64(95), np.int64(100)] -> [np.int32(93)]
  frame  160: merge [np.int64(181), np.int64(187)] -> [np.int32(179)]
  frame  160: merge [np.int64(245), np.int64(250)] -> [np.int32(241)]
  frame  160: merge [np.int64(277), np.int64(291)] -> [np.int32(281)]
  frame  160: split [np.int32(192)] -> [np.int64(196), np.int64(201)]
  frame  160: split [np.int32(245)] -> [np.int64(241), np.int64(257)]
  frame  160: split [np.int32(329)] -> [np.int64(326), np.int64(336)]
  frame  170: merge [np.int64(22), np.int64(32)] -> [np.int32(16)]
  frame  170: merge [np.int64(83), np.int64(89)] -> [np.int32(77)]
  frame  170: merge [np.int64(144), np.int64(152)] -> [np.int32(132)]
  frame  170: merge [np.int64(174), np.int64(179)] -> [np.int32(158)]
  frame  170: merge [np.int64(214), np.int64(221)] -> [np.int32(198)]
  frame  170: merge [np.int64(342), np.int64(348)] -> [np.int32(326)]
  frame  170: split [np.int32(18)] -> [np.int64(20), np.int64(22)]
  frame  170: split [np.int32(32)] -> [np.int64(16), np.int64(27)]
  frame  170: split [np.int32(46)] -> [np.int64(43), np.int64(52)]
  frame  170: split [np.int32(62)] -> [np.int64(55), np.int64(68)]
  frame  170: split [np.int32(67)] -> [np.int64(62), np.int64(65)]
  frame  170: split [np.int32(79)] -> [np.int64(73), np.int64(84)]
  frame  170: split [np.int32(120)] -> [np.int64(109), np.int64(122), np.int64(130)]
  frame  170: split [np.int32(191)] -> [np.int64(172), np.int64(195)]
  frame  170: split [np.int32(202)] -> [np.int64(185), np.int64(186)]
  frame  170: split [np.int32(237)] -> [np.int64(208), np.int64(223)]
  frame  170: split [np.int32(265)] -> [np.int64(248), np.int64(260)]
  frame  170: split [np.int32(281)] -> [np.int64(263), np.int64(271)]
  frame  180: merge [np.int64(154), np.int64(158)] -> [np.int32(156)]
  frame  180: merge [np.int64(255), np.int64(269)] -> [np.int32(261)]
  frame  180: merge [np.int64(287), np.int64(291)] -> [np.int32(277)]
  frame  180: merge [np.int64(312), np.int64(325)] -> [np.int32(305)]
  frame  180: split [np.int32(16)] -> [np.int64(22), np.int64(34)]
  frame  180: split [np.int32(57)] -> [np.int64(56), np.int64(67)]
  frame  180: split [np.int32(90)] -> [np.int64(89), np.int64(97)]
  frame  180: split [np.int32(158)] -> [np.int64(156), np.int64(157), np.int64(177)]
  frame  180: split [np.int32(198)] -> [np.int64(198), np.int64(203)]
  frame  180: split [np.int32(218)] -> [np.int64(213), np.int64(230)]
  frame  180: split [np.int32(241)] -> [np.int64(240), np.int64(241)]
  frame  180: split [np.int32(263)] -> [np.int64(256), np.int64(260)]
  frame  180: split [np.int32(318)] -> [np.int64(311), np.int64(324)]
  frame  190: merge [np.int64(22), np.int64(34)] -> [np.int32(17)]
  frame  190: merge [np.int64(20), np.int64(31)] -> [np.int32(18)]
  frame  190: merge [np.int64(110), np.int64(119)] -> [np.int32(100)]
  frame  190: merge [np.int64(187), np.int64(197)] -> [np.int32(185)]
  frame  190: merge [np.int64(190), np.int64(202)] -> [np.int32(188)]
  frame  190: merge [np.int64(213), np.int64(230)] -> [np.int32(210)]
  frame  190: merge [np.int64(275), np.int64(278)] -> [np.int32(276)]
  frame  190: split [np.int32(156)] -> [np.int64(145), np.int64(161)]
  frame  190: split [np.int32(305)] -> [np.int64(298), np.int64(317)]
  frame  200: merge [np.int64(62), np.int64(68)] -> [np.int32(67)]
  frame  200: merge [np.int64(148), np.int64(177)] -> [np.int32(173)]
  frame  200: split [np.int32(18)] -> [np.int64(21), np.int64(35)]
  frame  200: split [np.int32(61)] -> [np.int64(62), np.int64(64)]
  frame  200: split [np.int32(89)] -> [np.int64(92), np.int64(93)]
  frame  200: split [np.int32(148)] -> [np.int64(154), np.int64(173)]
  frame  200: split [np.int32(163)] -> [np.int64(169), np.int64(191)]
  frame  200: split [np.int32(185)] -> [np.int64(195), np.int64(200)]
  frame  200: split [np.int32(188)] -> [np.int64(196), np.int64(211)]
  frame  200: split [np.int32(196)] -> [np.int64(203), np.int64(206)]
  frame  200: split [np.int32(248)] -> [np.int64(258), np.int64(277)]
  frame  200: split [np.int32(252)] -> [np.int64(264), np.int64(269)]
  frame  200: split [np.int32(276)] -> [np.int64(288), np.int64(295)]
  frame  210: merge [np.int64(167), np.int64(180)] -> [np.int32(154)]
  frame  210: merge [np.int64(260), np.int64(261)] -> [np.int32(254)]
  frame  210: merge [np.int64(264), np.int64(269)] -> [np.int32(260)]
  frame  210: split [np.int32(15)] -> [np.int64(14), np.int64(25)]
  frame  210: split [np.int32(60)] -> [np.int64(54), np.int64(64)]
  frame  210: split [np.int32(108)] -> [np.int64(101), np.int64(108)]
  frame  210: split [np.int32(219)] -> [np.int64(208), np.int64(228)]
  frame  210: split [np.int32(263)] -> [np.int64(262), np.int64(267)]
  frame  210: split [np.int32(315)] -> [np.int64(305), np.int64(308)]
  frame  220: merge [np.int64(13), np.int64(16)] -> [np.int32(13)]
  frame  220: merge [np.int64(101), np.int64(108)] -> [np.int32(103)]
  frame  220: merge [np.int64(153), np.int64(158)] -> [np.int32(155)]
  frame  220: merge [np.int64(223), np.int64(226)] -> [np.int32(222)]
  frame  220: split [np.int32(29)] -> [np.int64(26), np.int64(28)]
  frame  220: split [np.int32(69)] -> [np.int64(69), np.int64(81)]
  frame  220: split [np.int32(144)] -> [np.int64(146), np.int64(151)]
  frame  220: split [np.int32(165)] -> [np.int64(163), np.int64(170)]
  frame  220: split [np.int32(189)] -> [np.int64(190), np.int64(193)]
  frame  220: split [np.int32(268)] -> [np.int64(259), np.int64(260)]
  frame  230: merge [np.int64(206), np.int64(216)] -> [np.int32(200)]
  frame  230: merge [np.int64(237), np.int64(246)] -> [np.int32(238)]
  frame  230: merge [np.int64(259), np.int64(260)] -> [np.int32(253)]
  frame  230: split [np.int32(13)] -> [np.int64(13), np.int64(14)]
  frame  230: split [np.int32(60)] -> [np.int64(53), np.int64(67)]
  frame  230: split [np.int32(61)] -> [np.int64(63), np.int64(66)]
  frame  230: split [np.int32(121)] -> [np.int64(121), np.int64(124)]
  frame  230: split [np.int32(154)] -> [np.int64(152), np.int64(167), np.int64(178)]
  frame  230: split [np.int32(208)] -> [np.int64(206), np.int64(224)]
  frame  230: split [np.int32(221)] -> [np.int64(207), np.int64(214)]
  frame  230: split [np.int32(222)] -> [np.int64(217), np.int64(221)]
  frame  240: merge [np.int64(47), np.int64(55)] -> [np.int32(42)]
  frame  240: merge [np.int64(53), np.int64(67)] -> [np.int32(54)]
  frame  240: merge [np.int64(145), np.int64(150)] -> [np.int32(147)]
  frame  240: merge [np.int64(196), np.int64(211)] -> [np.int32(199)]
  frame  240: merge [np.int64(229), np.int64(231)] -> [np.int32(227)]
  frame  240: merge [np.int64(293), np.int64(297)] -> [np.int32(296)]
  frame  240: split [np.int32(120)] -> [np.int64(122), np.int64(130)]
  frame  240: split [np.int32(153)] -> [np.int64(153), np.int64(154)]
  frame  240: split [np.int32(253)] -> [np.int64(252), np.int64(253)]
  frame  240: split [np.int32(284)] -> [np.int64(288), np.int64(294)]
  frame  240: split [np.int32(301)] -> [np.int64(305), np.int64(316)]
  frame  250: merge [np.int64(58), np.int64(62)] -> [np.int32(64)]
  frame  250: merge [np.int64(122), np.int64(130)] -> [np.int32(124)]
  frame  250: merge [np.int64(176), np.int64(187)] -> [np.int32(172)]
  frame  250: merge [np.int64(198), np.int64(205)] -> [np.int32(193)]
  frame  250: split [np.int32(42)] -> [np.int64(47), np.int64(50)]
  frame  250: split [np.int32(83)] -> [np.int64(89), np.int64(101)]
  frame  250: split [np.int32(120)] -> [np.int64(120), np.int64(127)]
  frame  250: split [np.int32(202)] -> [np.int64(196), np.int64(203)]
  frame  250: split [np.int32(257)] -> [np.int64(251), np.int64(257)]
  frame  250: split [np.int32(283)] -> [np.int64(274), np.int64(279)]
  frame  250: split [np.int32(296)] -> [np.int64(287), np.int64(292)]
  frame  260: merge [np.int64(204), np.int64(206)] -> [np.int32(211)]
  frame  260: merge [np.int64(209), np.int64(213)] -> [np.int32(213)]
  frame  260: merge [np.int64(263), np.int64(273)] -> [np.int32(264)]
  frame  260: split [np.int32(64)] -> [np.int64(65), np.int64(68)]
  frame  260: split [np.int32(136)] -> [np.int64(138), np.int64(141)]
  frame  260: split [np.int32(172)] -> [np.int64(178), np.int64(188)]
  frame  270: merge [np.int64(31), np.int64(41)] -> [np.int32(31)]
  frame  270: merge [np.int64(157), np.int64(162)] -> [np.int32(157)]
  frame  270: merge [np.int64(198), np.int64(207)] -> [np.int32(204)]
  frame  270: split [np.int32(33)] -> [np.int64(35), np.int64(37)]
  frame  270: split [np.int32(73)] -> [np.int64(71), np.int64(74)]
  frame  270: split [np.int32(103)] -> [np.int64(98), np.int64(104)]
  frame  270: split [np.int32(115)] -> [np.int64(112), np.int64(125)]
  frame  270: split [np.int32(136)] -> [np.int64(131), np.int64(138)]
  frame  270: split [np.int32(147)] -> [np.int64(145), np.int64(153)]
  frame  270: split [np.int32(156)] -> [np.int64(156), np.int64(167)]
  frame  270: split [np.int32(238)] -> [np.int64(233), np.int64(243)]
  frame  270: split [np.int32(245)] -> [np.int64(236), np.int64(251)]
  frame  270: split [np.int32(300)] -> [np.int64(290), np.int64(298)]
  frame  280: merge [np.int64(96), np.int64(97)] -> [np.int32(96)]
  frame  280: merge [np.int64(112), np.int64(125)] -> [np.int32(115)]
  frame  280: merge [np.int64(113), np.int64(116)] -> [np.int32(116)]
  frame  280: merge [np.int64(167), np.int64(171)] -> [np.int32(171)]
  frame  280: merge [np.int64(183), np.int64(184)] -> [np.int32(180)]
  frame  280: split [np.int32(34)] -> [np.int64(31), np.int64(38)]
  frame  280: split [np.int32(68)] -> [np.int64(66), np.int64(76)]
  frame  280: split [np.int32(261)] -> [np.int64(264), np.int64(275)]
  frame  290: merge [np.int64(16), np.int64(17)] -> [np.int32(14)]
  frame  290: merge [np.int64(34), np.int64(39)] -> [np.int32(32)]
  frame  290: merge [np.int64(31), np.int64(38)] -> [np.int32(35)]
  frame  290: merge [np.int64(160), np.int64(167)] -> [np.int32(163)]
  frame  290: merge [np.int64(223), np.int64(233)] -> [np.int32(227)]
  frame  290: split [np.int32(38)] -> [np.int64(35), np.int64(45)]
  frame  290: split [np.int32(56)] -> [np.int64(53), np.int64(67)]
  frame  290: split [np.int32(89)] -> [np.int64(90), np.int64(99)]
  frame  290: split [np.int32(161)] -> [np.int64(164), np.int64(169)]
  frame  290: split [np.int32(170)] -> [np.int64(172), np.int64(184)]
  frame  300: merge [np.int64(47), np.int64(49)] -> [np.int32(47)]
  frame  300: merge [np.int64(90), np.int64(99)] -> [np.int32(91)]
  frame  300: split [np.int32(23)] -> [np.int64(20), np.int64(39)]
  frame  300: split [np.int32(109)] -> [np.int64(105), np.int64(106)]
  frame  300: split [np.int32(227)] -> [np.int64(226), np.int64(238)]
  frame  300: split [np.int32(293)] -> [np.int64(287), np.int64(295)]
  frame  310: merge [np.int64(20), np.int64(39)] -> [np.int32(21)]
  frame  310: merge [np.int64(43), np.int64(53)] -> [np.int32(42)]
  frame  310: merge [np.int64(177), np.int64(179)] -> [np.int32(165)]
  frame  310: split [np.int32(34)] -> [np.int64(34), np.int64(37)]
  frame  310: split [np.int32(181)] -> [np.int64(174), np.int64(178)]
  frame  310: split [np.int32(201)] -> [np.int64(192), np.int64(204)]
  frame  310: split [np.int32(213)] -> [np.int64(207), np.int64(212)]
  frame  320: merge [np.int64(53), np.int64(58)] -> [np.int32(53)]
  frame  320: merge [np.int64(151), np.int64(158)] -> [np.int32(149)]
  frame  320: merge [np.int64(231), np.int64(238)] -> [np.int32(242)]
  frame  320: split [np.int32(35)] -> [np.int64(34), np.int64(46)]
  frame  320: split [np.int32(124)] -> [np.int64(127), np.int64(131)]
  frame  320: split [np.int32(194)] -> [np.int64(194), np.int64(201)]
  frame  320: split [np.int32(197)] -> [np.int64(197), np.int64(198)]
  frame  320: split [np.int32(252)] -> [np.int64(258), np.int64(268)]
  frame  320: split [np.int32(283)] -> [np.int64(292), np.int64(298)]
  frame  330: merge [np.int64(182), np.int64(188)] -> [np.int32(179)]
  frame  330: split [np.int32(35)] -> [np.int64(34), np.int64(37)]
  frame  330: split [np.int32(87)] -> [np.int64(89), np.int64(93)]
  frame  330: split [np.int32(117)] -> [np.int64(116), np.int64(117)]
  frame  330: split [np.int32(121)] -> [np.int64(120), np.int64(125)]
  frame  330: split [np.int32(139)] -> [np.int64(139), np.int64(141)]
  frame  330: split [np.int32(149)] -> [np.int64(147), np.int64(157)]
  frame  330: split [np.int32(160)] -> [np.int64(158), np.int64(166)]
  frame  330: split [np.int32(178)] -> [np.int64(175), np.int64(177)]
  frame  330: split [np.int32(210)] -> [np.int64(201), np.int64(219)]
  frame  330: split [np.int32(215)] -> [np.int64(203), np.int64(214)]
  frame  330: split [np.int32(235)] -> [np.int64(229), np.int64(231)]
  frame  340: merge [np.int64(10), np.int64(19)] -> [np.int32(8)]
  frame  340: merge [np.int64(115), np.int64(118)] -> [np.int32(114)]
  frame  340: merge [np.int64(147), np.int64(157)] -> [np.int32(149)]
  frame  340: merge [np.int64(158), np.int64(166)] -> [np.int32(159)]
  frame  340: merge [np.int64(255), np.int64(263)] -> [np.int32(266)]
  frame  340: split [np.int32(192)] -> [np.int64(192), np.int64(200)]
  frame  340: split [np.int32(255)] -> [np.int64(260), np.int64(266)]
  frame  350: merge [np.int64(54), np.int64(57)] -> [np.int32(64)]
  frame  350: merge [np.int64(153), np.int64(156)] -> [np.int32(168)]
  frame  350: merge [np.int64(205), np.int64(216)] -> [np.int32(231)]
  frame  350: split [np.int32(8)] -> [np.int64(11), np.int64(20)]
  frame  350: split [np.int32(24)] -> [np.int64(31), np.int64(38)]
  frame  350: split [np.int32(31)] -> [np.int64(46), np.int64(51)]
  frame  350: split [np.int32(44)] -> [np.int64(59), np.int64(63)]
  frame  350: split [np.int32(149)] -> [np.int64(162), np.int64(172)]
  frame  350: split [np.int32(166)] -> [np.int64(186), np.int64(187)]
  frame  350: split [np.int32(168)] -> [np.int64(185), np.int64(190)]
  frame  350: split [np.int32(195)] -> [np.int64(219), np.int64(226)]
  frame  350: split [np.int32(202)] -> [np.int64(227), np.int64(228)]
  frame  350: split [np.int32(211)] -> [np.int64(235), np.int64(242)]
  frame  350: split [np.int32(214)] -> [np.int64(236), np.int64(237)]
  frame  350: split [np.int32(252)] -> [np.int64(272), np.int64(278)]
  frame  360: merge [np.int64(31), np.int64(38)] -> [np.int32(28)]
  frame  360: merge [np.int64(35), np.int64(36)] -> [np.int32(31)]
  frame  360: merge [np.int64(148), np.int64(150)] -> [np.int32(135)]
  frame  360: merge [np.int64(174), np.int64(175)] -> [np.int32(165)]
  frame  360: split [np.int32(49)] -> [np.int64(41), np.int64(50)]
  frame  360: split [np.int32(123)] -> [np.int64(113), np.int64(120)]
  frame  360: split [np.int32(125)] -> [np.int64(114), np.int64(118)]
  frame  360: split [np.int32(168)] -> [np.int64(157), np.int64(164)]
  frame  360: split [np.int32(193)] -> [np.int64(180), np.int64(186)]
  frame  360: split [np.int32(210)] -> [np.int64(200), np.int64(209)]
  frame  360: split [np.int32(299)] -> [np.int64(288), np.int64(293)]
  frame  360: split [np.int32(312)] -> [np.int64(298), np.int64(300)]
