Loading openmpi/5.0.3/gcc/2jvxbhe6
  Loading requirement: glibc/2.35/gcc/2qcwpjkr gcc-runtime/11.4.0/gcc/s4m43s2g
    libiconv/1.17/gcc/bx7po7zd xz/5.4.6/gcc/n7w5vgic zlib-ng/2.1.6/gcc/lhsedjui
    libxml2/2.10.3/gcc/7c4bshqs cuda/12.6.3/gcc/leehydd5
    libpciaccess/0.17/gcc/jo65dn3s ncurses/6.5/gcc/xudjifpz
    oneapi-level-zero/1.14/gcc/5lkebaeb hwloc/2.9.1/gcc/2hfhag2h
    openssl/3.3.0/gcc/ckee37gw libevent/2.1.12/gcc/oddlihjn
    numactl/2.0.14/gcc/32nffflw openssh/8.9p1/gcc/kd4zvl2e
    slurm/25.11.0/gcc/4p34nzf7 ucx/1.18.0/gcc/osfyrf7r

          .o.				        
          |  |    _   ,		        
        .',  L.-'` `\ ||	        
      __\___,|__--,__`_|__         
     |    %     `=`       |        
     | ___%_______________|        
     |    `               |         
     | -------------------|         
     |____________________|         
       |~~~~~~~~~~~~~~~~|           
       | ---------------|  ,        
   \|  | _______________| / /      
\. \,\\|, .   .   /,  / |///, / 

The Snoopy code v6.0
Copyright (c) 2004-2011 Geoffroy Lesur
Institute of Planetology and Astrophysics of Grenoble, France
This program comes with ABSOLUTELY NO WARRANTY;
This is free software, and you are welcome to
redistribute it under certain conditions.
Compiled on Mar  6 2026 at 16:27:11
Using config file: MTI Turbulent convection problem.
output dir: /cephfs/store/astro-hl278/nn339/hbi_project/snoopy-data/part3/N-scan/yes-2D.
*************************************************
Warning in File: read_config.c Routine: read_config Line: 248 
You did not provide any variable in profile outputs
Resuming execution...
*************************************************
***********************************************************
Code parameters:
MPI disabled
Using OpenMP with 32 threads.
(NX,NY,NZ)=	(512,512,1)
(LX,LY,LZ)=	(1.000000,1.000000,1.000000)
Reynolds=	100000.000000

Horizontal (x) Boussinesq
Reynolds_th=	1.000000
N2=		2.000000
OmegaT2=	-1.000000
Reynolds_ani=	1000.000000

MHD enabled
BX0=		0.000000
BY0=		0.000000
BZ0=		0.000000
Reynolds_m=	100000.000000
No Shear

T_initial=	0.000000
T_final=	50.000000
Toutput_time=	0.100000
Toutput_flow=	1.000000
Toutput_dump=	2.000000
output directory =	/cephfs/store/astro-hl278/nn339/hbi_project/snoopy-data/part3/N-scan/yes-2D
Using Restart Dump
Using Antialiasing 2/3 Rule
***********************************************************
Initializing...
*************************************************
Warning in File: output/output.c Routine: init_output Line: 65 
No restart dump found. I will set restart=false for this run.
Resuming execution...
*************************************************
Calling mainloop... touch status, output, dump or stop to print more information.
Please wait (while the C++ standard gains another page)...
tremap = 0.000000e+00
mainloop finished in 2282 loops and 1768.385304 seconds (0.774928 sec/loop)
fft time=1240.945186 s (70.173914 pc)
fft calls=790324 
I/O time=156.981106 s (8.877087 pc)
Terminated.
